global:
  scrape_interval: 30s
  external_labels:
    prometheus: default/test
    prometheus_replica: $(POD_NAME)
  evaluation_interval: 30s
scrape_configs: []
alerting:
  alert_relabel_configs:
  - action: labeldrop
    regex: prometheus_replica
  - action: drop
    source_labels:
    - __meta_kubernetes_node_name
    regex: spot-(.+)
  - source_labels:
    - label-a
    - label-b
    separator: ""
    action: replace
    target_label: custom-label
  alertmanagers:
  - path_prefix: /
    scheme: http
    kubernetes_sd_configs:
    - role: endpoints
      namespaces:
        names:
        - default
    relabel_configs:
    - action: keep
      source_labels:
      - __meta_kubernetes_service_name
      regex: alertmanager-main
    - action: keep
      source_labels:
      - __meta_kubernetes_endpoint_port_name
      regex: web
