global:
  scrape_interval: ""
  external_labels:
    prometheus: default/test
    prometheus_replica: $(POD_NAME)
  evaluation_interval: ""
scrape_configs: []
alerting:
  alert_relabel_configs:
  - action: labeldrop
    regex: prometheus_replica
  alertmanagers:
  - path_prefix: /
    scheme: http
    tls_config:
      ca_file: /etc/prometheus/certs/0_default_tls_ca
      cert_file: /etc/prometheus/certs/0_default_tls_cert
      key_file: /etc/prometheus/certs/0_default_tls_private-key
    kubernetes_sd_configs:
    - role: endpoints
      namespaces:
        names:
        - other
    relabel_configs:
    - action: keep
      source_labels:
      - __meta_kubernetes_service_name
      regex: foo
    - action: keep
      source_labels:
      - __meta_kubernetes_endpoint_port_name
      regex: web
