global:
  scrape_interval: 30s
  external_labels:
    测试_prometheus: test/example
    测试_replica: $(POD_NAME)
  evaluation_interval: 30s
scrape_configs: []
