global:
  scrape_interval: 30s
  external_labels:
    prometheus: default/test
    prometheus_replica: $(POD_NAME)
  evaluation_interval: 30s
scrape_configs:
- job_name: serviceMonitor/default/test/0
  honor_labels: false
  kubernetes_sd_configs:
  - role: endpoints
    namespaces:
      names:
      - default
  scrape_interval: 30s
  relabel_configs:
  - source_labels:
    - job
    target_label: __tmp_prometheus_job_name
  - action: keep
    source_labels:
    - __meta_kubernetes_service_label_foo
    - __meta_kubernetes_service_labelpresent_foo
    regex: (bar);true
  - action: keep
    source_labels:
    - __meta_kubernetes_endpoint_port_name
    regex: https-metrics
  - source_labels:
    - __meta_kubernetes_endpoint_address_target_kind
    - __meta_kubernetes_endpoint_address_target_name
    separator: ;
    regex: Node;(.*)
    replacement: ${1}
    target_label: node
  - source_labels:
    - __meta_kubernetes_endpoint_address_target_kind
    - __meta_kubernetes_endpoint_address_target_name
    separator: ;
    regex: Pod;(.*)
    replacement: ${1}
    target_label: pod
  - source_labels:
    - __meta_kubernetes_namespace
    target_label: namespace
  - source_labels:
    - __meta_kubernetes_service_name
    target_label: service
  - source_labels:
    - __meta_kubernetes_pod_name
    target_label: pod
  - source_labels:
    - __meta_kubernetes_pod_container_name
    target_label: container
  - action: drop
    source_labels:
    - __meta_kubernetes_pod_phase
    regex: (Failed|Succeeded)
  - source_labels:
    - __meta_kubernetes_service_name
    target_label: job
    replacement: ${1}
  - target_label: endpoint
    replacement: https-metrics
  - source_labels:
    - instance
    target_label: instance
    action: uppercase
  - source_labels:
    - __address__
    target_label: __address__
    regex: (.+)(?::d+)
    replacement: $1:9537
    action: replace
  - target_label: job
    replacement: crio
    action: replace
  - target_label: job
    replacement: ""
    action: replace
  - source_labels:
    - __address__
    - __tmp_hash
    target_label: __tmp_hash
    regex: (.+);
    replacement: $1
    action: replace
  - source_labels:
    - __tmp_hash
    target_label: __tmp_hash
    modulus: 1
    action: hashmod
  - source_labels:
    - __tmp_hash
    regex: $(SHARD)
    action: keep
  metric_relabel_configs:
  - source_labels:
    - __name__
    regex: container_fs*
    action: drop
  - target_label: job
    replacement: ""
    action: replace
