kubernetes_sd_configs:
- role: endpointslice
  namespaces:
    names:
    - test
