global:
  scrape_interval: 30s
  external_labels:
    prometheus: default/test
    prometheus_replica: $(POD_NAME)
  metric_name_validation_scheme: legacy
  evaluation_interval: 30s
scrape_configs: []
