global:
  scrape_interval: 30s
  external_labels:
    prometheus: test/example
    prometheus_replica: $(POD_NAME)
  evaluation_interval: 30s
  query_log_file: /var/log/prometheus/test.log
scrape_configs: []
