global:
  scrape_interval: 30s
  external_labels:
    prometheus: default/test
    prometheus_replica: $(POD_NAME)
  evaluation_interval: 30s
scrape_configs: []
remote_write:
- url: http://example.com
  protobuf_message: io.prometheus.write.v2.Request
