global:
  evaluation_interval: 30s
  scrape_interval: 30s
  external_labels:
    prometheus: default/test
    prometheus_replica: $(POD_NAME)
scrape_configs:
- job_name: scrapeconfig/default/testscrapeconfig1
  file_sd_configs:
  - files:
    - /tmp/myfile.json
    refresh_interval: 5m
