global:
  scrape_interval: 30s
  external_labels:
    prometheus: default/test
    prometheus_replica: $(POD_NAME)
  evaluation_interval: 30s
scrape_configs:
- job_name: scrapeConfig/default/testscrapeconfig1
  stackit_sd_config:
  - authorization:
      type: Bearer
      credentials: value
    proxy_url: http://no-proxy.com
    no_proxy: 0.0.0.0
    proxy_from_environment: true
    proxy_connect_header:
      header:
      - value
    project: 11111111-1111-1111-1111-111111111111
    region: eu01
    endpoint: https://api.stackit.de/
    follow_redirects: true
    enable_http2: true
    port: 23456
    refresh_interval: 30s
  relabel_configs:
  - source_labels:
    - job
    target_label: __tmp_prometheus_job_name
