global:
  scrape_interval: 30s
  external_labels:
    prometheus: default/test
    prometheus_replica: $(POD_NAME)
  evaluation_interval: 30s
scrape_configs:
- job_name: scrapeConfig/default/testscrapeconfig1
  ovhcloud_sd_configs:
  - application_key: application-key
    application_secret: application-secret
    consumer_key: consumer-key
    service: dedicated_server
    endpoint: 127.0.0.1
    refresh_interval: 30s
  relabel_configs:
  - source_labels:
    - job
    target_label: __tmp_prometheus_job_name
