global:
  scrape_interval: 30s
  external_labels:
    prometheus: default/test
    prometheus_replica: $(POD_NAME)
  evaluation_interval: 30s
scrape_configs:
- job_name: scrapeConfig/default/testscrapeconfig1
  kubernetes_sd_configs:
  - role: pod
    namespaces:
      names:
      - ns1
      - ns2
      own_namespace: true
  relabel_configs:
  - source_labels:
    - job
    target_label: __tmp_prometheus_job_name
