global:
  scrape_interval: 30s
  external_labels:
    prometheus: default/test
    prometheus_replica: $(POD_NAME)
  evaluation_interval: 30s
scrape_configs:
- job_name: scrapeConfig/default/testscrapeconfig1
  lightsail_sd_configs:
  - authorization:
      type: Bearer
      credentials: value
    region: us-east-1
    endpoint: https://lightsail.us-east-1.amazonaws.com/
    tls_config:
      ca: ca
      cert: cert
      key: private-key
  relabel_configs:
  - source_labels:
    - job
    target_label: __tmp_prometheus_job_name
