global:
  evaluation_interval: 30s
  scrape_interval: 30s
  external_labels:
    prometheus: default/test
    prometheus_replica: $(POD_NAME)
scrape_configs:
- job_name: scrapeConfig/default/testscrapeconfig1
  http_sd_configs:
  - url: http://localhost:9100/sd.json
    refresh_interval: 5m
    proxy_url: http://no-proxy.com
    no_proxy: 0.0.0.0
    proxy_from_environment: false
    proxy_connect_header:
      header: value
