global:
  evaluation_interval: 30s
  scrape_interval: 30s
  external_labels:
    prometheus: /
    prometheus_replica: $(POD_NAME)
  scrape_failure_log_file: /var/log/prometheus/file.log
scrape_configs: []
