- url: http://example.com
  remote_timeout: 30s
  oauth2:
    client_id: client-id
    client_secret: client-secret
    token_url: http://token-url
    scopes:
    - scope1
    endpoint_params:
      param: value
