global:
  scrape_interval: 30s
  external_labels:
    prometheus: test/example
    prometheus_replica: $(POD_NAME)
  evaluation_interval: 30s
  rule_query_offset: 30s
scrape_configs: []
