tls_server_config:
  cert_file: /web_certs_path_prefix/secret/test-secret-cert/tls.crt
  key_file: /web_certs_path_prefix/secret/test-secret-key/tls.key
