tls_server_config:
  cert_file: /web_certs_path_prefix/configmap/test-configmap-cert/tls.crt
  key_file: /web_certs_path_prefix/secret/test-secret-key/tls.key
  client_ca_file: /web_certs_path_prefix/configmap/test-configmap-ca/tls.client_ca
