route:
  receiver: "null"
  routes:
  - receiver: mynamespace/myamc/test
    matchers:
    - namespace="mynamespace"
    continue: true
receivers:
- name: "null"
- name: mynamespace/myamc/test
  wechat_configs:
  - api_secret: wechatsecret
    corp_id: wechatcorpid
templates: []
