receivers:
- name: discord
  discord_configs:
  - webhook_url: http://example.com
    message: test message
templates: []
