route:
  receiver: "null"
  routes:
  - receiver: alertmanager-namespace/myamc/test
    group_by:
    - job
    continue: true
receivers:
- name: "null"
- name: alertmanager-namespace/myamc/test
templates: []
