receivers:
- name: ""
  discord_configs:
  - webhook_url: http://example.com
templates: []
