receivers:
- name: ""
  webhook_configs:
  - url: foo
templates: []
