receivers:
- name: ""
  pushover_configs:
  - user_key: foo
    token: token
templates: []
