receivers:
- name: ""
  pagerduty_configs:
  - {}
templates: []
