global:
  slack_api_url: https://slack.example.com
route:
  receiver: mynamespace/global-config/null
  routes:
  - receiver: mynamespace/global-config/myreceiver
    match:
      mykey: myvalue
receivers:
- name: mynamespace/global-config/null
- name: mynamespace/global-config/myreceiver
templates: []
