receivers:
- name: ""
  webex_configs:
  - api_url: http://example.com
    room_id: foo
templates: []
